// Jest Snapshot v1, https://goo.gl/fbAQLP

exports[`rendering renders Button correctly 1`] = `
<DocumentFragment>
  <button
    class="button"
    type="submit"
  >
    OK
  </button>
</DocumentFragment>
`;
